// Jest Snapshot v1, https://goo.gl/fbAQLP

exports[`AccordionItem renders correctly with accordion false 1`] = `
<div
  className="accordion__item"
>
  <div
    ariaControls="accordion__body-mock-uuid-hash"
    expanded={false}
    id="accordion__title-mock-uuid-hash"
    onClick={[Function]}
    role="button"
  >
    <div>
      Fake title
    </div>
  </div>
  <div
    expanded={false}
    id="accordion__body-mock-uuid-hash"
    role={null}
  >
    <div>
      Fake body
    </div>
  </div>
</div>
`;

exports[`AccordionItem renders correctly with accordion true 1`] = `
<div
  className="accordion__item"
>
  <div
    ariaControls="accordion__body-mock-uuid-hash"
    expanded={false}
    id="accordion__title-mock-uuid-hash"
    onClick={[Function]}
    role="tab"
  >
    <div>
      Fake title
    </div>
  </div>
  <div
    expanded={false}
    id="accordion__body-mock-uuid-hash"
    role="tabpanel"
  >
    <div>
      Fake body
    </div>
  </div>
</div>
`;

exports[`AccordionItem renders correctly with other blocks inside 1`] = `
<div
  className="accordion__item"
>
  <div
    ariaControls="accordion__body-mock-uuid-hash"
    expanded={false}
    id="accordion__title-mock-uuid-hash"
    onClick={[Function]}
    role="button"
  >
    <div>
      Fake title
    </div>
  </div>
  <div>
    Just another block
  </div>
  <div
    expanded={false}
    id="accordion__body-mock-uuid-hash"
    role={null}
  >
    <div>
      Fake body
    </div>
  </div>
</div>
`;

exports[`AccordionItem renders correctly with other blocks inside 2 1`] = `
<div
  className="accordion__item"
>
  <div
    ariaControls="accordion__body-mock-uuid-hash"
    expanded={false}
    id="accordion__title-mock-uuid-hash"
    onClick={[Function]}
    role="button"
  >
    <div>
      Fake title
    </div>
  </div>
  <div
    expanded={false}
    id="accordion__body-mock-uuid-hash"
    role={null}
  >
    <div>
      Fake body
    </div>
  </div>
  <div>
    Just another block
  </div>
</div>
`;

exports[`AccordionItem renders with different className 1`] = `
<div
  className="testCSSClass"
>
  <div
    ariaControls="accordion__body-mock-uuid-hash"
    expanded={false}
    id="accordion__title-mock-uuid-hash"
    onClick={[Function]}
    role="tab"
  >
    <div>
      Fake title
    </div>
  </div>
  <div
    expanded={false}
    id="accordion__body-mock-uuid-hash"
    role="tabpanel"
  >
    <div>
      Fake body
    </div>
  </div>
</div>
`;

exports[`AccordionItem renders with different hideBodyClassName 1`] = `
<div
  className="accordion__item testCSSClass--hidden"
>
  <div
    ariaControls="accordion__body-mock-uuid-hash"
    expanded={false}
    id="accordion__title-mock-uuid-hash"
    onClick={[Function]}
    role="tab"
  >
    <div>
      Fake title
    </div>
  </div>
  <div
    expanded={false}
    id="accordion__body-mock-uuid-hash"
    role="tabpanel"
  >
    <div>
      Fake body
    </div>
  </div>
</div>
`;

exports[`AccordionItem still renders with no AccordionItemTitle or AccordionItemBody 1`] = `
<div
  className="accordion__item"
>
  <div>
    Fake title
  </div>
  <div>
    Fake body
  </div>
</div>
`;
